<?xml version="1.0" encoding="utf-8"?><testsuites><testsuite name="pytest" errors="0" failures="0" skipped="0" tests="1" time="2.305" timestamp="2024-10-30T12:36:18.933006+00:00" hostname="BOOK-S8E4SODVT8"><testcase classname="tests.import_test.TestImport" name="test_type" file="tests\import_test.py" line="10" time="0.249" /></testsuite></testsuites>